Device: cuda:0
Ground truth: 200 images x 5 labels
Positives per label: Atelectasis=75, Cardiomegaly=66, Consolidation=32, Edema=42, Pleural Effusion=64
Found 236 checkpoints
[1/236] step      -1  mean AUC 0.8420
[2/236] step     200  mean AUC 0.5867
[3/236] step     400  mean AUC 0.7487
[4/236] step     600  mean AUC 0.7836
[5/236] step     800  mean AUC 0.7840
[6/236] step    1000  mean AUC 0.7614
[7/236] step    1200  mean AUC 0.7597
[8/236] step    1400  mean AUC 0.7915
[9/236] step    1600  mean AUC 0.8046
[10/236] step    1800  mean AUC 0.7854
[11/236] step    2000  mean AUC 0.7809
[12/236] step    2200  mean AUC 0.7959
[13/236] step    2400  mean AUC 0.7911
[14/236] step    2600  mean AUC 0.7941
[15/236] step    2800  mean AUC 0.8128
[16/236] step    3000  mean AUC 0.8072
[17/236] step    3200  mean AUC 0.8208
[18/236] step    3400  mean AUC 0.8145
[19/236] step    3600  mean AUC 0.8239
[20/236] step    3800  mean AUC 0.8263
[21/236] step    4000  mean AUC 0.8252
[22/236] step    4200  mean AUC 0.8012
[23/236] step    4400  mean AUC 0.8275
[24/236] step    4600  mean AUC 0.8302
[25/236] step    4800  mean AUC 0.8233
[26/236] step    5000  mean AUC 0.8169
[27/236] step    5200  mean AUC 0.8286
[28/236] step    5400  mean AUC 0.8255
[29/236] step    5600  mean AUC 0.8226
[30/236] step    5800  mean AUC 0.8243
[31/236] step    6000  mean AUC 0.8327
[32/236] step    6200  mean AUC 0.8266
[33/236] step    6400  mean AUC 0.8364
[34/236] step    6600  mean AUC 0.8397
[35/236] step    6800  mean AUC 0.8258
[36/236] step    7000  mean AUC 0.8361
[37/236] step    7200  mean AUC 0.8334
[38/236] step    7400  mean AUC 0.8323
[39/236] step    7600  mean AUC 0.8157
[40/236] step    7800  mean AUC 0.8343
[41/236] step    8000  mean AUC 0.8350
[42/236] step    8200  mean AUC 0.8371
[43/236] step    8400  mean AUC 0.8383
[44/236] step    8600  mean AUC 0.8407
[45/236] step    8800  mean AUC 0.8444
[46/236] step    9000  mean AUC 0.8401
[47/236] step    9200  mean AUC 0.8325
[48/236] step    9400  mean AUC 0.8340
[49/236] step    9600  mean AUC 0.8398
[50/236] step    9800  mean AUC 0.8440
[51/236] step   10000  mean AUC 0.8390
[52/236] step   10200  mean AUC 0.8302
[53/236] step   10400  mean AUC 0.8365
[54/236] step   10600  mean AUC 0.8376
[55/236] step   10800  mean AUC 0.8492
[56/236] step   11000  mean AUC 0.8401
[57/236] step   11200  mean AUC 0.8438
[58/236] step   11400  mean AUC 0.8518
[59/236] step   11600  mean AUC 0.8394
[60/236] step   11800  mean AUC 0.8371
[61/236] step   12000  mean AUC 0.8272
[62/236] step   12200  mean AUC 0.8498
[63/236] step   12400  mean AUC 0.8406
[64/236] step   12600  mean AUC 0.8429
[65/236] step   12800  mean AUC 0.8385
[66/236] step   13000  mean AUC 0.8541
[67/236] step   13200  mean AUC 0.8480
[68/236] step   13400  mean AUC 0.8478
[69/236] step   13600  mean AUC 0.8438
[70/236] step   13800  mean AUC 0.8432
[71/236] step   14000  mean AUC 0.8422
[72/236] step   14200  mean AUC 0.8462
[73/236] step   14400  mean AUC 0.8555
[74/236] step   14600  mean AUC 0.8460
[75/236] step   14800  mean AUC 0.8472
[76/236] step   15000  mean AUC 0.8491
[77/236] step   15200  mean AUC 0.8580
[78/236] step   15400  mean AUC 0.8543
[79/236] step   15600  mean AUC 0.8308
[80/236] step   15800  mean AUC 0.8403
[81/236] step   16000  mean AUC 0.8404
[82/236] step   16200  mean AUC 0.8493
[83/236] step   16400  mean AUC 0.8512
[84/236] step   16600  mean AUC 0.8438
[85/236] step   16800  mean AUC 0.8437
[86/236] step   17000  mean AUC 0.8511
[87/236] step   17200  mean AUC 0.8443
[88/236] step   17400  mean AUC 0.8409
[89/236] step   17600  mean AUC 0.8293
[90/236] step   17800  mean AUC 0.8433
[91/236] step   18000  mean AUC 0.8455
[92/236] step   18200  mean AUC 0.8456
[93/236] step   18400  mean AUC 0.8524
[94/236] step   18600  mean AUC 0.8455
[95/236] step   18800  mean AUC 0.8413
[96/236] step   19000  mean AUC 0.8540
[97/236] step   19200  mean AUC 0.8467
[98/236] step   19400  mean AUC 0.8525
[99/236] step   19600  mean AUC 0.8413
[100/236] step   19800  mean AUC 0.8461
[101/236] step   20000  mean AUC 0.8398
[102/236] step   20200  mean AUC 0.8475
[103/236] step   20400  mean AUC 0.8414
[104/236] step   20600  mean AUC 0.8433
[105/236] step   20800  mean AUC 0.8507
[106/236] step   21000  mean AUC 0.8489
[107/236] step   21200  mean AUC 0.8569
[108/236] step   21400  mean AUC 0.8453
[109/236] step   21600  mean AUC 0.8409
[110/236] step   21800  mean AUC 0.8472
[111/236] step   22000  mean AUC 0.8578
[112/236] step   22200  mean AUC 0.8450
[113/236] step   22400  mean AUC 0.8463
[114/236] step   22600  mean AUC 0.8461
[115/236] step   22800  mean AUC 0.8601
[116/236] step   23000  mean AUC 0.8500
[117/236] step   23200  mean AUC 0.8573
[118/236] step   23400  mean AUC 0.8444
[119/236] step   23600  mean AUC 0.8499
[120/236] step   23800  mean AUC 0.8445
[121/236] step   24000  mean AUC 0.8534
[122/236] step   24200  mean AUC 0.8446
[123/236] step   24400  mean AUC 0.8461
[124/236] step   24600  mean AUC 0.8313
[125/236] step   24800  mean AUC 0.8280
[126/236] step   25000  mean AUC 0.8389
[127/236] step   25200  mean AUC 0.8482
[128/236] step   25400  mean AUC 0.8447
[129/236] step   25600  mean AUC 0.8458
[130/236] step   25800  mean AUC 0.8522
[131/236] step   26000  mean AUC 0.8358
[132/236] step   26200  mean AUC 0.8530
[133/236] step   26400  mean AUC 0.8610
[134/236] step   26600  mean AUC 0.8447
[135/236] step   26800  mean AUC 0.8554
[136/236] step   27000  mean AUC 0.8581
[137/236] step   27200  mean AUC 0.8537
[138/236] step   27400  mean AUC 0.8547
[139/236] step   27600  mean AUC 0.8595
[140/236] step   27800  mean AUC 0.8503
[141/236] step   28000  mean AUC 0.8574
[142/236] step   28200  mean AUC 0.8514
[143/236] step   28400  mean AUC 0.8541
[144/236] step   28600  mean AUC 0.8616
[145/236] step   28800  mean AUC 0.8533
[146/236] step   29000  mean AUC 0.8583
[147/236] step   29200  mean AUC 0.8650
[148/236] step   29400  mean AUC 0.8492
[149/236] step   29600  mean AUC 0.8522
[150/236] step   29800  mean AUC 0.8460
[151/236] step   30000  mean AUC 0.8438
[152/236] step   30200  mean AUC 0.8539
[153/236] step   30400  mean AUC 0.8547
[154/236] step   30600  mean AUC 0.8571
[155/236] step   30800  mean AUC 0.8577
[156/236] step   31000  mean AUC 0.8535
[157/236] step   31200  mean AUC 0.8611
[158/236] step   31400  mean AUC 0.8465
[159/236] step   31600  mean AUC 0.8429
[160/236] step   31800  mean AUC 0.8466
[161/236] step   32000  mean AUC 0.8527
[162/236] step   32200  mean AUC 0.8476
[163/236] step   32400  mean AUC 0.8307
[164/236] step   32600  mean AUC 0.8576
[165/236] step   32800  mean AUC 0.8479
[166/236] step   33000  mean AUC 0.8350
[167/236] step   33200  mean AUC 0.8346
[168/236] step   33400  mean AUC 0.8432
[169/236] step   33600  mean AUC 0.8348
[170/236] step   33800  mean AUC 0.8427
[171/236] step   34000  mean AUC 0.8494
[172/236] step   34200  mean AUC 0.8340
[173/236] step   34400  mean AUC 0.8459
[174/236] step   34600  mean AUC 0.8455
[175/236] step   34800  mean AUC 0.8479
[176/236] step   35000  mean AUC 0.8591
[177/236] step   35200  mean AUC 0.8550
[178/236] step   35400  mean AUC 0.8476
[179/236] step   35600  mean AUC 0.8366
[180/236] step   35800  mean AUC 0.8448
[181/236] step   36000  mean AUC 0.8410
[182/236] step   36200  mean AUC 0.8118
[183/236] step   36400  mean AUC 0.8419
[184/236] step   36600  mean AUC 0.8164
[185/236] step   36800  mean AUC 0.8420
[186/236] step   37000  mean AUC 0.8533
[187/236] step   37200  mean AUC 0.8400
[188/236] step   37400  mean AUC 0.8446
[189/236] step   37600  mean AUC 0.8417
[190/236] step   37800  mean AUC 0.8396
[191/236] step   38000  mean AUC 0.8228
[192/236] step   38200  mean AUC 0.8279
[193/236] step   38400  mean AUC 0.8439
[194/236] step   38600  mean AUC 0.8399
[195/236] step   38800  mean AUC 0.8419
[196/236] step   39000  mean AUC 0.8462
[197/236] step   39200  mean AUC 0.8461
[198/236] step   39400  mean AUC 0.8518
[199/236] step   39600  mean AUC 0.8459
[200/236] step   39800  mean AUC 0.8455
[201/236] step   40000  mean AUC 0.8474
[202/236] step   40200  mean AUC 0.8595
[203/236] step   40400  mean AUC 0.8546
[204/236] step   40600  mean AUC 0.8590
[205/236] step   40800  mean AUC 0.8556
[206/236] step   41000  mean AUC 0.8499
[207/236] step   41200  mean AUC 0.8421
[208/236] step   41400  mean AUC 0.8496
[209/236] step   41600  mean AUC 0.8388
[210/236] step   41800  mean AUC 0.8359
[211/236] step   42000  mean AUC 0.8539
[212/236] step   42200  mean AUC 0.8387
[213/236] step   42400  mean AUC 0.8418
[214/236] step   42600  mean AUC 0.8362
[215/236] step   42800  mean AUC 0.8256
[216/236] step   43000  mean AUC 0.8433
[217/236] step   43200  mean AUC 0.8398
[218/236] step   43400  mean AUC 0.8466
[219/236] step   43600  mean AUC 0.8265
[220/236] step   43800  mean AUC 0.8322
[221/236] step   44000  mean AUC 0.8187
[222/236] step   44200  mean AUC 0.8437
[223/236] step   44400  mean AUC 0.8444
[224/236] step   44600  mean AUC 0.8610
[225/236] step   44800  mean AUC 0.8297
[226/236] step   45000  mean AUC 0.8566
[227/236] step   45200  mean AUC 0.8396
[228/236] step   45400  mean AUC 0.8555
[229/236] step   45600  mean AUC 0.8549
[230/236] step   45800  mean AUC 0.8514
[231/236] step   46000  mean AUC 0.8449
[232/236] step   46200  mean AUC 0.8482
[233/236] step   46400  mean AUC 0.8376
[234/236] step   46600  mean AUC 0.8371
[235/236] step   46800  mean AUC 0.8475
[236/236] step   47000  mean AUC 0.8531

Wrote ranking to /mnt/My_Doc/experiments/fewshot_v1/checkpoint_ranking.csv
(ensemble members spaced >= 1000 steps apart)

Top 10 checkpoints (the ensemble):
 step  mean_auc  Atelectasis  Cardiomegaly  Consolidation    Edema  Pleural Effusion
29200  0.865023     0.816000      0.847015       0.902530 0.868143          0.891429
31200  0.861092     0.807467      0.839891       0.892671 0.877336          0.888097
44600  0.860974     0.792640      0.838648       0.909970 0.885624          0.877987
26400  0.860954     0.785173      0.842266       0.908854 0.878541          0.889936
22800  0.860074     0.805120      0.840231       0.912202 0.864828          0.877987
40200  0.859547     0.814933      0.825871       0.896019 0.875226          0.885685
27600  0.859502     0.799040      0.815016       0.912946 0.889994          0.880515
35000  0.859138     0.806933      0.829489       0.892485 0.876733          0.890051
15200  0.858020     0.797227      0.835369       0.895089 0.888336          0.874081
32600  0.857641     0.810240      0.832316       0.902251 0.859554          0.883847

Ensemble member mean AUC: 0.8602 (best single 0.8650)
