Device: cuda:0
prompt-dev 20,000 images -> select on A=10,000, confirm on B=10,000

Encoding images (10 checkpoints, once each)...
  [1/10] checkpoint_27000.pt -> (20000, 512)
  [2/10] checkpoint_29400.pt -> (20000, 512)
  [3/10] checkpoint_22200.pt -> (20000, 512)
  [4/10] checkpoint_26000.pt -> (20000, 512)
  [5/10] checkpoint_32400.pt -> (20000, 512)
  [6/10] checkpoint_18600.pt -> (20000, 512)
  [7/10] checkpoint_24000.pt -> (20000, 512)
  [8/10] checkpoint_31000.pt -> (20000, 512)
  [9/10] checkpoint_38800.pt -> (20000, 512)
  [10/10] checkpoint_41400.pt -> (20000, 512)

Encoding 709 prompt strings x 10 checkpoints...
  [1/10] text done
  [2/10] text done
  [3/10] text done
  [4/10] text done
  [5/10] text done
  [6/10] text done
  [7/10] text done
  [8/10] text done
  [9/10] text done
  [10/10] text done

Scoring...
  Atelectasis          done (25 combos)
  Cardiomegaly         done (25 combos)
  Effusion             done (25 combos)
  Infiltration         done (25 combos)
  Mass                 done (25 combos)
  Nodule               done (25 combos)
  Pneumonia            done (25 combos)
  Pneumothorax         done (25 combos)
  Consolidation        done (25 combos)
  Edema                done (25 combos)
  Emphysema            done (30 combos)
  Fibrosis             done (30 combos)
  Pleural_Thickening   done (25 combos)
  Hernia               done (25 combos)

Wrote data/prompt_template_search.csv  (360 combinations)

========================================================================================================
label                baseline  tuned(A)  CONFIRM(B)  d_vs_base  winning positive prompt
--------------------------------------------------------------------------------------------------------
Atelectasis            0.7716    0.7819      0.7840    +0.0124  'basilar atelectasis'
Cardiomegaly           0.8417    0.8463      0.8499    +0.0083  'enlarged cardiac silhouette'
Effusion               0.8575    0.8570      0.8607    +0.0032  'a chest x-ray with Effusion'
Infiltration           0.6641    0.6530      0.6735    +0.0095  'findings consistent with infiltrate'
Mass                   0.7473    0.7384      0.7473    +0.0000  'Mass'
Nodule                 0.5329    0.6356      0.6598    +0.1269  'a chest x-ray with small nodular opacity'
Pneumonia              0.6790    0.6948      0.6835    +0.0045  'a chest x-ray with Pneumonia'
Pneumothorax           0.7128    0.7405      0.7483    +0.0355  'findings consistent with Pneumothorax'
Consolidation          0.7615    0.7901      0.7724    +0.0109  'a chest x-ray with Consolidation'
Edema                  0.8470    0.8620      0.8356    -0.0114  'a chest x-ray with pulmonary edema is present'
Emphysema              0.7047    0.7082      0.7397    +0.0350  'a chest x-ray with emphysematous changes'
Fibrosis               0.6141    0.6115      0.6305    +0.0164  'there is reticular interstitial opacities'
Pleural_Thickening     0.6858    0.7075      0.7408    +0.0551  'there is Pleural_Thickening'
Hernia                 0.6097    0.7458      0.6975    +0.0878  'a chest x-ray with Hernia'
--------------------------------------------------------------------------------------------------------
MEAN                   0.7164    0.7409      0.7445    +0.0281
========================================================================================================
Quote the CONFIRM column: auc_select is the split the winner was chosen on and is optimistically biased.

Template pairs chosen:
template_pos                 template_neg            
a chest x-ray with {}        a chest x-ray with no {}    6
{}                           no {}                       3
findings consistent with {}  no evidence of {}           2
there is {}                  there is no {}              2
{} is present                {} is absent                1
